[30Apr2026 19:10:48.858] [main/INFO] [cpw.mods.modlauncher.Launcher/MODLAUNCHER]: ModLauncher running: args [--launchTarget, neoforgeclientdev, --version, 21.8.31, --assetIndex, 26, --assetsDir, C:\\Users\\lucas\\.mcreator\\gradle\\caches\\neoformruntime\\assets, --fml.fmlVersion, 9.0.16, --fml.mcVersion, 1.21.8, --fml.neoForgeVersion, 21.8.31, --fml.neoFormVersion, 20250717.133445]
[30Apr2026 19:10:48.863] [main/INFO] [cpw.mods.modlauncher.Launcher/MODLAUNCHER]: JVM identified as JetBrains s.r.o. OpenJDK 64-Bit Server VM 21.0.10+1-b1163.105
[30Apr2026 19:10:48.866] [main/INFO] [cpw.mods.modlauncher.Launcher/MODLAUNCHER]: ModLauncher 9.0 starting: java version 21.0.10 by JetBrains s.r.o.; OS Windows 11 arch amd64 version 10.0
[30Apr2026 19:10:49.008] [main/INFO] [net.neoforged.fml.loading.ImmediateWindowHandler/]: Loading ImmediateWindowProvider fmlearlywindow
[30Apr2026 19:10:49.651] [main/INFO] [mixin/]: SpongePowered MIXIN Subsystem Version=0.8.7 Source=union:/C:/Users/lucas/.mcreator/gradle/caches/modules-2/files-2.1/net.fabricmc/sponge-mixin/0.15.2+mixin.0.8.7/2af2f021d8e02a0220dc27a7a72b4666d66d44ca/sponge-mixin-0.15.2+mixin.0.8.7.jar%23157!/ Service=ModLauncher Env=CLIENT
[30Apr2026 19:10:49.722] [fml-loadingscreen/INFO] [net.neoforged.fml.earlydisplay.render.LoadingScreenRenderer/]: GL info: AMD Radeon(TM) Graphics GL version 3.2.0 Core Profile Context 25.8.1.250617, ATI Technologies Inc.
[30Apr2026 19:10:50.122] [main/INFO] [net.neoforged.fml.loading.moddiscovery.locators.JarInJarDependencyLocator/]: Found 2 dependencies adding them to mods collection
[30Apr2026 19:10:50.126] [main/INFO] [net.neoforged.fml.loading.moddiscovery.ModDiscoverer/]: 
     Mod List:
		Name Version (Mod Id)

		Minecraft 1.21.8 (minecraft)
		NeoForge 21.8.31 (neoforge)
		Shellatol's first mod 1.0.0 (modshellatol)
[30Apr2026 19:10:51.110] [main/INFO] [mixin/]: Compatibility level set to JAVA_21
[30Apr2026 19:10:51.127] [main/INFO] [cpw.mods.modlauncher.LaunchServiceHandler/MODLAUNCHER]: Launching target 'neoforgeclientdev' with arguments [--version, 21.8.31, --assetsDir, C:\Users\lucas\.mcreator\gradle\caches\neoformruntime\assets, --assetIndex, 26]
[30Apr2026 19:10:53.128] [Datafixer Bootstrap/INFO] [com.mojang.datafixers.DataFixerBuilder/]: 272 Datafixer optimizations took 425 milliseconds
[30Apr2026 19:10:53.230] [pool-6-thread-1/INFO] [MixinExtras|Service/]: Initializing MixinExtras via com.llamalad7.mixinextras.service.MixinExtrasServiceImpl(version=0.5.0).
[30Apr2026 19:10:58.942] [main/WARN] [net.minecraft.commands.Commands/]: Ambiguity between arguments [teleport, location] and [teleport, destination] with inputs: [0.1 -0.5 .9, 0 0 0]
[30Apr2026 19:10:58.944] [main/WARN] [net.minecraft.commands.Commands/]: Ambiguity between arguments [teleport, location] and [teleport, targets] with inputs: [0.1 -0.5 .9, 0 0 0]
[30Apr2026 19:10:58.947] [main/WARN] [net.minecraft.commands.Commands/]: Ambiguity between arguments [teleport, destination] and [teleport, targets] with inputs: [Player, 0123, @e, dd12be42-52a9-4a91-a8a1-11c01849e498]
[30Apr2026 19:10:58.949] [main/WARN] [net.minecraft.commands.Commands/]: Ambiguity between arguments [teleport, targets] and [teleport, destination] with inputs: [Player, 0123, dd12be42-52a9-4a91-a8a1-11c01849e498]
[30Apr2026 19:10:58.950] [main/WARN] [net.minecraft.commands.Commands/]: Ambiguity between arguments [teleport, targets, location] and [teleport, targets, destination] with inputs: [0.1 -0.5 .9, 0 0 0]
[30Apr2026 19:10:58.952] [main/WARN] [net.minecraft.commands.Commands/]: Ambiguity between arguments [waypoint, modify, waypoint, color, reset] and [waypoint, modify, waypoint, color, color] with inputs: [reset]
[30Apr2026 19:10:59.032] [modloading-worker-0/INFO] [net.neoforged.neoforge.common.NeoForgeMod/NEOFORGE-MOD]: NeoForge mod loading, version 21.8.31, for MC 1.21.8
[30Apr2026 19:10:59.572] [Render thread/WARN] [net.minecraft.server.packs.VanillaPackResourcesBuilder/]: Assets URL 'union:/C:/Users/lucas/MCreatorWorkspaces/modshellatol/build/moddev/artifacts/neoforge-21.8.31.jar%23212!/assets/.mcassetsroot' uses unexpected schema
[30Apr2026 19:10:59.574] [Render thread/WARN] [net.minecraft.server.packs.VanillaPackResourcesBuilder/]: Assets URL 'union:/C:/Users/lucas/MCreatorWorkspaces/modshellatol/build/moddev/artifacts/neoforge-21.8.31.jar%23212!/data/.mcassetsroot' uses unexpected schema
[30Apr2026 19:10:59.613] [Render thread/INFO] [com.mojang.authlib.yggdrasil.YggdrasilAuthenticationService/]: Environment: Environment[sessionHost=https://sessionserver.mojang.com, servicesHost=https://api.minecraftservices.com, name=PROD]
[30Apr2026 19:10:59.622] [Render thread/INFO] [net.minecraft.client.Minecraft/]: Setting user: Dev
[30Apr2026 19:10:59.766] [Render thread/INFO] [net.minecraft.client.Minecraft/]: Backend library: LWJGL version 3.3.3+5
[30Apr2026 19:10:59.970] [Render thread/INFO] [net.minecraft.client.Minecraft/]: Using optional rendering extensions: GL_ARB_buffer_storage, GL_KHR_debug, GL_ARB_vertex_attrib_binding, GL_ARB_direct_state_access
[30Apr2026 19:11:01.206] [Render thread/INFO] [net.minecraft.server.packs.resources.ReloadableResourceManager/]: Reloading ResourceManager: vanilla, mod_resources, mod/neoforge, mod/modshellatol
[30Apr2026 19:11:01.322] [resourceLoad/INFO] [net.minecraft.client.gui.font.providers.UnihexProvider/]: Found unifont_pua-16.0.03.hex, loading
[30Apr2026 19:11:01.374] [resourceLoad/INFO] [net.minecraft.client.gui.font.providers.UnihexProvider/]: Found unifont_all_no_pua-16.0.03.hex, loading
[30Apr2026 19:11:01.583] [resourceLoad/INFO] [net.minecraft.client.gui.font.providers.UnihexProvider/]: Found unifont_jp_patch-16.0.03.hex, loading
[30Apr2026 19:11:01.797] [resourceLoad/ERROR] [net.minecraft.client.renderer.texture.atlas.SpriteResourceLoader/]: Using missing texture, unable to load modshellatol:monalisa
java.io.IOException: Bad PNG Signature
	at TRANSFORMER/minecraft@1.21.8/net.minecraft.util.PngInfo.validateHeader(PngInfo.java:47) ~[neoforge-21.8.31.jar%23212!/:?]
	at TRANSFORMER/minecraft@1.21.8/com.mojang.blaze3d.platform.NativeImage.read(NativeImage.java:162) ~[neoforge-21.8.31.jar%23212!/:?]
	at TRANSFORMER/minecraft@1.21.8/com.mojang.blaze3d.platform.NativeImage.read(NativeImage.java:112) ~[neoforge-21.8.31.jar%23212!/:?]
	at TRANSFORMER/minecraft@1.21.8/com.mojang.blaze3d.platform.NativeImage.read(NativeImage.java:102) ~[neoforge-21.8.31.jar%23212!/:?]
	at TRANSFORMER/minecraft@1.21.8/net.minecraft.client.renderer.texture.atlas.SpriteResourceLoader.lambda$create$0(SpriteResourceLoader.java:39) ~[neoforge-21.8.31.jar%23212!/:?]
	at TRANSFORMER/minecraft@1.21.8/net.minecraft.client.renderer.texture.atlas.SpriteResourceLoader.loadSprite(SpriteResourceLoader.java:71) ~[neoforge-21.8.31.jar%23212!/:?]
	at TRANSFORMER/minecraft@1.21.8/net.minecraft.client.renderer.texture.atlas.SpriteSource$Output.lambda$add$0(SpriteSource.java:25) ~[neoforge-21.8.31.jar%23212!/:?]
	at TRANSFORMER/minecraft@1.21.8/net.minecraft.client.renderer.texture.SpriteLoader.lambda$runSpriteSuppliers$4(SpriteLoader.java:125) ~[neoforge-21.8.31.jar%23212!/:?]
	at java.base/java.util.concurrent.CompletableFuture$AsyncSupply.run(CompletableFuture.java:1768) ~[?:?]
	at TRANSFORMER/minecraft@1.21.8/net.minecraft.server.packs.resources.SimpleReloadInstance.lambda$prepareTasks$0(SimpleReloadInstance.java:65) ~[neoforge-21.8.31.jar%23212!/:?]
	at TRANSFORMER/minecraft@1.21.8/net.minecraft.TracingExecutor.lambda$forName$0(TracingExecutor.java:18) ~[neoforge-21.8.31.jar%23212!/:?]
	at java.base/java.util.concurrent.ForkJoinTask$RunnableExecuteAction.compute(ForkJoinTask.java:1726) [?:?]
	at java.base/java.util.concurrent.ForkJoinTask$RunnableExecuteAction.compute(ForkJoinTask.java:1717) [?:?]
	at java.base/java.util.concurrent.ForkJoinTask$InterruptibleTask.exec(ForkJoinTask.java:1641) [?:?]
	at java.base/java.util.concurrent.ForkJoinTask.doExec(ForkJoinTask.java:507) [?:?]
	at java.base/java.util.concurrent.ForkJoinPool$WorkQueue.topLevelExec(ForkJoinPool.java:1491) [?:?]
	at java.base/java.util.concurrent.ForkJoinPool.scan(ForkJoinPool.java:2073) [?:?]
	at java.base/java.util.concurrent.ForkJoinPool.runWorker(ForkJoinPool.java:2035) [?:?]
	at java.base/java.util.concurrent.ForkJoinWorkerThread.run(ForkJoinWorkerThread.java:187) [?:?]
[30Apr2026 19:11:02.164] [resourceLoad/WARN] [net.minecraft.client.renderer.texture.SpriteLoader/]: Texture modshellatol:block/screenshot_2026-04-27_195311-removebg-preview with size 198x351 limits mip level from 2 to 0
[30Apr2026 19:11:03.779] [Render thread/INFO] [com.mojang.blaze3d.audio.Library/]: OpenAL initialized on device OpenAL Soft on Speakers (Realtek(R) Audio)
[30Apr2026 19:11:03.781] [Render thread/INFO] [net.minecraft.client.sounds.SoundEngine/SOUNDS]: Sound engine started
[30Apr2026 19:11:03.905] [Render thread/INFO] [net.minecraft.client.renderer.texture.TextureAtlas/]: Created: 1024x1024x2 minecraft:textures/atlas/blocks.png-atlas
[30Apr2026 19:11:03.917] [Render thread/INFO] [net.minecraft.client.renderer.texture.TextureAtlas/]: Created: 256x256x2 minecraft:textures/atlas/signs.png-atlas
[30Apr2026 19:11:03.919] [Render thread/INFO] [net.minecraft.client.renderer.texture.TextureAtlas/]: Created: 512x512x2 minecraft:textures/atlas/shield_patterns.png-atlas
[30Apr2026 19:11:03.920] [Render thread/INFO] [net.minecraft.client.renderer.texture.TextureAtlas/]: Created: 512x512x2 minecraft:textures/atlas/banner_patterns.png-atlas
[30Apr2026 19:11:03.920] [Render thread/INFO] [net.minecraft.client.renderer.texture.TextureAtlas/]: Created: 2048x1024x2 minecraft:textures/atlas/armor_trims.png-atlas
[30Apr2026 19:11:03.934] [Render thread/INFO] [net.minecraft.client.renderer.texture.TextureAtlas/]: Created: 128x64x2 minecraft:textures/atlas/decorated_pot.png-atlas
[30Apr2026 19:11:03.935] [Render thread/INFO] [net.minecraft.client.renderer.texture.TextureAtlas/]: Created: 256x256x2 minecraft:textures/atlas/chest.png-atlas
[30Apr2026 19:11:03.935] [Render thread/INFO] [net.minecraft.client.renderer.texture.TextureAtlas/]: Created: 512x256x2 minecraft:textures/atlas/beds.png-atlas
[30Apr2026 19:11:03.936] [Render thread/INFO] [net.minecraft.client.renderer.texture.TextureAtlas/]: Created: 512x256x2 minecraft:textures/atlas/shulker_boxes.png-atlas
[30Apr2026 19:11:03.938] [Render thread/INFO] [net.minecraft.client.renderer.texture.TextureAtlas/]: Created: 64x64x0 minecraft:textures/atlas/map_decorations.png-atlas
[30Apr2026 19:11:04.114] [Render thread/INFO] [net.minecraft.client.renderer.texture.TextureAtlas/]: Created: 512x256x0 minecraft:textures/atlas/particles.png-atlas
[30Apr2026 19:11:04.115] [Render thread/INFO] [net.minecraft.client.renderer.texture.TextureAtlas/]: Created: 512x256x0 minecraft:textures/atlas/paintings.png-atlas
[30Apr2026 19:11:04.115] [Render thread/INFO] [net.minecraft.client.renderer.texture.TextureAtlas/]: Created: 1024x512x0 minecraft:textures/atlas/gui.png-atlas
[30Apr2026 19:11:04.121] [Render thread/INFO] [net.neoforged.neoforge.client.entity.animation.json.AnimationLoader/]: Loaded 0 entity animations
[30Apr2026 19:11:10.590] [Render thread/INFO] [net.minecraft.world.item.crafting.RecipeManager/]: Loaded 1407 recipes
[30Apr2026 19:11:10.617] [Render thread/INFO] [net.minecraft.advancements.AdvancementTree/]: Loaded 1521 advancements
[30Apr2026 19:11:10.621] [Render thread/INFO] [net.neoforged.neoforge.common.crafting.RecipePriorityManager/]: Loaded 0 recipe priority overrides
[30Apr2026 19:11:10.802] [Server thread/INFO] [net.minecraft.client.server.IntegratedServer/]: Starting integrated minecraft server version 1.21.8
[30Apr2026 19:11:10.803] [Server thread/INFO] [net.minecraft.server.MinecraftServer/]: Generating keypair
[30Apr2026 19:11:11.237] [Server thread/INFO] [net.minecraft.server.MinecraftServer/]: Preparing start region for dimension minecraft:overworld
[30Apr2026 19:11:11.937] [progressListener/INFO] [net.minecraft.server.level.progress.LoggerChunkProgressListener/]: Preparing spawn area: 0%
[30Apr2026 19:11:11.937] [progressListener/INFO] [net.minecraft.server.level.progress.LoggerChunkProgressListener/]: Preparing spawn area: 0%
[30Apr2026 19:11:12.007] [progressListener/INFO] [net.minecraft.server.level.progress.LoggerChunkProgressListener/]: Time elapsed: 707 ms
[30Apr2026 19:11:12.010] [Server thread/INFO] [net.neoforged.neoforge.server.permission.PermissionAPI/]: Successfully initialized permission handler neoforge:default_handler
[30Apr2026 19:11:12.092] [Server thread/INFO] [net.minecraft.client.server.IntegratedServer/]: Changing view distance to 5, from 10
[30Apr2026 19:11:12.092] [Server thread/INFO] [net.minecraft.client.server.IntegratedServer/]: Changing simulation distance to 12, from 0
[30Apr2026 19:11:13.009] [Server thread/INFO] [net.minecraft.server.players.PlayerList/]: Dev[local:E:4dad353c] logged in with entity id 1 at (109.66853226999389, 68.25052985091747, -25.0024223917666)
[30Apr2026 19:11:13.083] [Server thread/INFO] [net.minecraft.server.MinecraftServer/]: Dev joined the game
[30Apr2026 19:11:13.362] [Render thread/INFO] [net.minecraft.client.renderer.DynamicUniformStorage/]: Resizing Dynamic Transforms UBO, capacity limit of 2 reached during a single frame. New capacity will be 4.
[30Apr2026 19:11:13.390] [Render thread/INFO] [net.minecraft.advancements.AdvancementTree/]: Loaded 47 advancements
[30Apr2026 19:11:13.529] [Render thread/INFO] [net.minecraft.client.renderer.DynamicUniformStorage/]: Resizing Dynamic Transforms UBO, capacity limit of 4 reached during a single frame. New capacity will be 8.
[30Apr2026 19:11:13.882] [Render thread/INFO] [net.minecraft.client.renderer.DynamicUniformStorage/]: Resizing Dynamic Transforms UBO, capacity limit of 8 reached during a single frame. New capacity will be 16.
[30Apr2026 19:11:13.904] [Render thread/INFO] [net.minecraft.client.renderer.DynamicUniformStorage/]: Resizing Dynamic Transforms UBO, capacity limit of 16 reached during a single frame. New capacity will be 32.
[30Apr2026 19:11:13.978] [Render thread/INFO] [net.minecraft.client.renderer.DynamicUniformStorage/]: Resizing Dynamic Transforms UBO, capacity limit of 32 reached during a single frame. New capacity will be 64.
[30Apr2026 19:11:14.068] [Render thread/INFO] [net.minecraft.client.renderer.DynamicUniformStorage/]: Resizing Dynamic Transforms UBO, capacity limit of 64 reached during a single frame. New capacity will be 128.
[30Apr2026 19:11:14.237] [Render thread/INFO] [net.minecraft.client.renderer.DynamicUniformStorage/]: Resizing Dynamic Transforms UBO, capacity limit of 128 reached during a single frame. New capacity will be 256.
[30Apr2026 19:13:55.365] [Server thread/INFO] [net.minecraft.client.server.IntegratedServer/]: Saving and pausing game...
[30Apr2026 19:13:55.412] [Server thread/INFO] [net.minecraft.server.MinecraftServer/]: Saving chunks for level 'ServerLevel[New World satol]'/minecraft:overworld
[30Apr2026 19:13:55.427] [Server thread/INFO] [net.minecraft.server.MinecraftServer/]: Saving chunks for level 'ServerLevel[New World satol]'/modshellatol:shellatol
[30Apr2026 19:13:55.432] [Server thread/INFO] [net.minecraft.server.MinecraftServer/]: Saving chunks for level 'ServerLevel[New World satol]'/minecraft:the_end
[30Apr2026 19:13:55.435] [Server thread/INFO] [net.minecraft.server.MinecraftServer/]: Saving chunks for level 'ServerLevel[New World satol]'/modshellatol:shell
[30Apr2026 19:13:55.439] [Server thread/INFO] [net.minecraft.server.MinecraftServer/]: Saving chunks for level 'ServerLevel[New World satol]'/minecraft:the_nether
[30Apr2026 19:13:57.167] [Server thread/INFO] [net.minecraft.server.network.ServerGamePacketListenerImpl/]: Dev lost connection: Disconnected
[30Apr2026 19:13:57.168] [Server thread/INFO] [net.minecraft.server.MinecraftServer/]: Dev left the game
[30Apr2026 19:13:57.193] [Server thread/INFO] [net.minecraft.server.network.ServerCommonPacketListenerImpl/]: Stopping singleplayer server as player logged out
[30Apr2026 19:13:57.214] [Server thread/INFO] [net.minecraft.server.MinecraftServer/]: Stopping server
[30Apr2026 19:13:57.215] [Server thread/INFO] [net.minecraft.server.MinecraftServer/]: Saving players
[30Apr2026 19:13:57.216] [Server thread/INFO] [net.minecraft.server.MinecraftServer/]: Saving worlds
[30Apr2026 19:13:57.313] [Server thread/INFO] [net.minecraft.server.MinecraftServer/]: Saving chunks for level 'ServerLevel[New World satol]'/minecraft:overworld
[30Apr2026 19:13:57.332] [Server thread/INFO] [net.minecraft.server.MinecraftServer/]: Saving chunks for level 'ServerLevel[New World satol]'/modshellatol:shellatol
[30Apr2026 19:13:57.340] [Server thread/INFO] [net.minecraft.server.MinecraftServer/]: Saving chunks for level 'ServerLevel[New World satol]'/minecraft:the_end
[30Apr2026 19:13:57.347] [Server thread/INFO] [net.minecraft.server.MinecraftServer/]: Saving chunks for level 'ServerLevel[New World satol]'/modshellatol:shell
[30Apr2026 19:13:57.355] [Server thread/INFO] [net.minecraft.server.MinecraftServer/]: Saving chunks for level 'ServerLevel[New World satol]'/minecraft:the_nether
[30Apr2026 19:13:57.377] [Server thread/INFO] [net.minecraft.server.MinecraftServer/]: ThreadedAnvilChunkStorage (New World satol): All chunks are saved
[30Apr2026 19:13:57.377] [Server thread/INFO] [net.minecraft.server.MinecraftServer/]: ThreadedAnvilChunkStorage (shellatol): All chunks are saved
[30Apr2026 19:13:57.378] [Server thread/INFO] [net.minecraft.server.MinecraftServer/]: ThreadedAnvilChunkStorage (DIM1): All chunks are saved
[30Apr2026 19:13:57.379] [Server thread/INFO] [net.minecraft.server.MinecraftServer/]: ThreadedAnvilChunkStorage (shell): All chunks are saved
[30Apr2026 19:13:57.380] [Server thread/INFO] [net.minecraft.server.MinecraftServer/]: ThreadedAnvilChunkStorage (DIM-1): All chunks are saved
[30Apr2026 19:13:57.381] [Server thread/INFO] [net.minecraft.server.MinecraftServer/]: ThreadedAnvilChunkStorage: All dimensions are saved
[30Apr2026 19:13:58.139] [Render thread/INFO] [net.minecraft.client.Minecraft/]: Stopping!
